// Jest Snapshot v1, https://goo.gl/fbAQLP

exports[`Post renders Post component properly 1`] = `
Object {
  "asFragment": [Function],
  "baseElement": <body>
    <div>
      <div
        class="cursor"
        role="button"
        tabindex="0"
      >
        <div
          class="MuiPaper-root MuiPaper-outlined MuiPaper-rounded MuiCard-root css-1v5z4dq-MuiPaper-root-MuiCard-root"
        >
          <div
            class="MuiCardContent-root css-46bh2p-MuiCardContent-root"
          >
            <div
              class="MuiCardContent-root css-wwt4d9-MuiCardContent-root"
            >
              <h2
                class="MuiTypography-root MuiTypography-h5 MuiTypography-gutterBottom css-1sgfi5h-MuiTypography-root"
              >
                First Post
              </h2>
              <p
                class="MuiTypography-root MuiTypography-body1 css-uriene-MuiTypography-root"
              >
                This is my very first post
              </p>
              <p
                class="MuiTypography-root MuiTypography-body1 css-uriene-MuiTypography-root"
              >
                <strong>
                  Author:
                </strong>
                 
                John Smith
              </p>
              <p
                class="MuiTypography-root MuiTypography-body1 css-uriene-MuiTypography-root"
              >
                <strong>
                  Posted on:
                </strong>
                 
                8/19/2004
              </p>
            </div>
          </div>
        </div>
      </div>
    </div>
  </body>,
  "container": <div>
    <div
      class="cursor"
      role="button"
      tabindex="0"
    >
      <div
        class="MuiPaper-root MuiPaper-outlined MuiPaper-rounded MuiCard-root css-1v5z4dq-MuiPaper-root-MuiCard-root"
      >
        <div
          class="MuiCardContent-root css-46bh2p-MuiCardContent-root"
        >
          <div
            class="MuiCardContent-root css-wwt4d9-MuiCardContent-root"
          >
            <h2
              class="MuiTypography-root MuiTypography-h5 MuiTypography-gutterBottom css-1sgfi5h-MuiTypography-root"
            >
              First Post
            </h2>
            <p
              class="MuiTypography-root MuiTypography-body1 css-uriene-MuiTypography-root"
            >
              This is my very first post
            </p>
            <p
              class="MuiTypography-root MuiTypography-body1 css-uriene-MuiTypography-root"
            >
              <strong>
                Author:
              </strong>
               
              John Smith
            </p>
            <p
              class="MuiTypography-root MuiTypography-body1 css-uriene-MuiTypography-root"
            >
              <strong>
                Posted on:
              </strong>
               
              8/19/2004
            </p>
          </div>
        </div>
      </div>
    </div>
  </div>,
  "debug": [Function],
  "findAllByAltText": [Function],
  "findAllByDisplayValue": [Function],
  "findAllByLabelText": [Function],
  "findAllByPlaceholderText": [Function],
  "findAllByRole": [Function],
  "findAllByTestId": [Function],
  "findAllByText": [Function],
  "findAllByTitle": [Function],
  "findByAltText": [Function],
  "findByDisplayValue": [Function],
  "findByLabelText": [Function],
  "findByPlaceholderText": [Function],
  "findByRole": [Function],
  "findByTestId": [Function],
  "findByText": [Function],
  "findByTitle": [Function],
  "getAllByAltText": [Function],
  "getAllByDisplayValue": [Function],
  "getAllByLabelText": [Function],
  "getAllByPlaceholderText": [Function],
  "getAllByRole": [Function],
  "getAllByTestId": [Function],
  "getAllByText": [Function],
  "getAllByTitle": [Function],
  "getByAltText": [Function],
  "getByDisplayValue": [Function],
  "getByLabelText": [Function],
  "getByPlaceholderText": [Function],
  "getByRole": [Function],
  "getByTestId": [Function],
  "getByText": [Function],
  "getByTitle": [Function],
  "queryAllByAltText": [Function],
  "queryAllByDisplayValue": [Function],
  "queryAllByLabelText": [Function],
  "queryAllByPlaceholderText": [Function],
  "queryAllByRole": [Function],
  "queryAllByTestId": [Function],
  "queryAllByText": [Function],
  "queryAllByTitle": [Function],
  "queryByAltText": [Function],
  "queryByDisplayValue": [Function],
  "queryByLabelText": [Function],
  "queryByPlaceholderText": [Function],
  "queryByRole": [Function],
  "queryByTestId": [Function],
  "queryByText": [Function],
  "queryByTitle": [Function],
  "rerender": [Function],
  "unmount": [Function],
}
`;
